Γû▓ Next.js 16.1.6 (Turbopack)
- Environments: .env.local

  Creating an optimized production build ...
Γ£ô Compiled successfully in 4.2s
  Running TypeScript ...
Failed to compile.

./src/components/dashboard/WeeklyTrendChart.tsx:75:25
Type error: Type '(value: number, name: string) => [string, string]' is not assignable to type 'Formatter<ValueType, NameType> & ((value: ValueType, name: NameType, item: TooltipPayloadEntry, index: number, payload: TooltipPayload) => ReactNode | [...])'.
  Type '(value: number, name: string) => [string, string]' is not assignable to type 'Formatter<ValueType, NameType>'.
    Types of parameters 'value' and 'value' are incompatible.
      Type 'ValueType | undefined' is not assignable to type 'number'.
        Type 'undefined' is not assignable to type 'number'.

  73 |                     />
  74 |                     <Tooltip
> 75 |                         formatter={(value: number, name: string) => [
     |                         ^
  76 |                             formatRupiah(value),
  77 |                             name === 'pemasukan' ? 'Pemasukan' : 'Pengeluaran',
  78 |                         ]}
Next.js build worker exited with code: 1 and signal: null
